// Jest Snapshot v1, https://goo.gl/fbAQLP

exports[`ComposeLetter screen should match snapshot 1`] = `
<View
  collapsable={true}
  pointerEvents="box-none"
  style={
    Object {
      "flex": 1,
    }
  }
>
  <
    accessible={false}
    activeOpacity={1}
    style={
      Object {
        "backgroundColor": "white",
        "flex": 1,
      }
    }
  >
    <View
      pointerEvents="box-none"
      style={
        Array [
          Object {
            "flex": 1,
            "flexDirection": "column",
            "justifyContent": "flex-end",
          },
          Object {
            "paddingBottom": 0,
          },
        ]
      }
    >
      <View
        style={
          Array [
            Object {
              "backgroundColor": "white",
              "flex": 1,
              "flexDirection": "column",
              "padding": 16,
            },
            Object {
              "flex": 1,
              "paddingBottom": undefined,
            },
          ]
        }
      >
        <View
          style={
            Object {
              "height": 60,
              "width": "100%",
            }
          }
        >
          <View
            style={
              Object {
                "alignItems": "center",
                "flexDirection": "row",
              }
            }
          >
            <Text
              style={
                Array [
                  Object {
                    "fontFamily": "Poppins-Medium",
                  },
                  Object {
                    "flex": 1,
                    "fontSize": 14,
                    "marginTop": 8,
                  },
                ]
              }
            >
              To
              : 
              First Name
            </Text>
            <Text
              style={
                Array [
                  Object {
                    "fontFamily": "Poppins-Medium-Italic",
                  },
                  Object {
                    "color": "#9A9A9A",
                    "marginTop": 8,
                    "paddingRight": 16,
                  },
                ]
              }
            >
              Autosaved
            </Text>
            <
              activeOpacity={0.7}
              style={
                Array [
                  Object {
                    "alignItems": "center",
                    "backgroundColor": "#FF7171",
                    "borderRadius": 8,
                    "flexDirection": "row",
                    "justifyContent": "center",
                    "marginVertical": 5,
                    "paddingHorizontal": 14,
                  },
                  Object {},
                  Object {
                    "height": 35,
                    "width": 130,
                  },
                  Object {},
                  Object {
                    "elevation": 2,
                    "shadowColor": "#000",
                    "shadowOffset": Object {
                      "height": 5,
                      "width": 0,
                    },
                    "shadowOpacity": 0.22,
                  },
                ]
              }
              testID="clickable"
            >
              <Text
                style={
                  Object {
                    "color": "white",
                    "fontFamily": "Poppins-Bold",
                    "fontSize": 14,
                    "opacity": 0,
                    "position": "absolute",
                  }
                }
              >
                Collapse
              </Text>
              <Text
                style={
                  Object {
                    "color": "white",
                    "fontFamily": "Poppins-Bold",
                    "fontSize": 14,
                    "opacity": 1,
                    "position": "absolute",
                  }
                }
              >
                Need Ideas?
              </Text>
            </>
          </View>
        </View>
        <View
          pointerEvents="auto"
          style={
            Object {
              "backgroundColor": "#F2F2F2",
              "borderRadius": 8,
              "flex": 1,
              "height": 50,
              "marginBottom": 10,
              "overflow": "hidden",
              "width": "100%",
            }
          }
          testID="parent"
        >
          <View
            testID="valid"
          />
          <View
            testID="unfocused"
          />
          <TextInput
            allowFontScaling={true}
            multiline={true}
            numberOfLines={1000}
            placeholder="Tell your loved one about something you did / saw today that reminded you of them!"
            rejectResponderTermination={true}
            secureTextEntry={false}
            style={
              Array [
                Object {
                  "borderColor": "rgba(0,0,0,0)",
                  "borderRadius": 8,
                  "borderWidth": 2,
                  "color": "black",
                  "fontSize": 16,
                  "paddingHorizontal": 10,
                  "textAlignVertical": "center",
                  "width": "100%",
                },
                Object {
                  "color": "#282828",
                },
                Object {},
                Object {
                  "height": 50,
                },
                Object {
                  "flex": 1,
                  "fontSize": 18,
                  "paddingBottom": 208,
                  "paddingTop": 8,
                  "textAlignVertical": "top",
                },
                Object {
                  "fontFamily": "Poppins-Regular",
                },
              ]
            }
            underlineColorAndroid="transparent"
            value=""
          />
          <View
            style={
              Object {
                "height": 0,
                "width": "100%",
                "zIndex": 5,
              }
            }
          >
            <ScrollView
              keyboardShouldPersistTaps="always"
              nestedScrollEnabled={true}
              scrollEnabled={true}
              style={
                Object {
                  "flex": 1,
                  "width": "100%",
                }
              }
            />
          </View>
          <View
            style={
              Object {
                "bottom": 0,
                "height": 200,
                "position": "absolute",
                "right": 520,
                "transform": Array [
                  Object {
                    "scale": 1,
                  },
                ],
                "width": 200,
              }
            }
          >
            <View
              style={Object {}}
            >
              <
                style={
                  Array [
                    Object {
                      "height": 200,
                      "width": 200,
                    },
                    Object {
                      "alignItems": "center",
                      "borderRadius": 4,
                      "justifyContent": "center",
                      "overflow": "hidden",
                    },
                    Object {
                      "bottom": 10,
                      "left": 10,
                    },
                  ]
                }
                testID="clickable"
              >
                <View
                  testID="media placeholder"
                >
                  <RNSVGSvgView
                    align="xMidYMid"
                    bbHeight={200}
                    bbWidth={200}
                    fill="none"
                    focusable={false}
                    height={200}
                    meetOrSlice={0}
                    minX={0}
                    minY={0}
                    style={
                      Array [
                        Object {
                          "backgroundColor": "transparent",
                          "borderWidth": 0,
                        },
                        Object {},
                        Object {
                          "flex": 0,
                          "height": 200,
                          "width": 200,
                        },
                      ]
                    }
                    vbHeight={200}
                    vbWidth={200}
                    width={200}
                    xml="<svg width=\\"200\\" height=\\"200\\" viewBox=\\"0 0 200 200\\" fill=\\"none\\" xmlns=\\"http://www.w3.org/2000/svg\\">
<rect x=\\"2\\" y=\\"2\\" width=\\"196\\" height=\\"196\\" rx=\\"6.5\\" stroke=\\"#CCCCCC\\" stroke-width=\\"3\\"/>
<path d=\\"M98 75V120 M75 98H120\\" stroke=\\"#CCCCCC\\" stroke-width=\\"4\\" stroke-linecap=\\"round\\" stroke-linejoin=\\"round\\"/>
</svg>
"
                    xmlns="http://www.w3.org/2000/svg"
                  >
                    <RNSVGGroup
                      fill={null}
                      propList={
                        Array [
                          "fill",
                        ]
                      }
                    >
                      <RNSVGRect
                        height={196}
                        propList={
                          Array [
                            "stroke",
                            "strokeWidth",
                          ]
                        }
                        rx={6.5}
                        stroke={4291611852}
                        strokeWidth={3}
                        width={196}
                        x={2}
                        y={2}
                      />
                      <RNSVGPath
                        d="M98 75V120 M75 98H120"
                        propList={
                          Array [
                            "stroke",
                            "strokeWidth",
                            "strokeLinecap",
                            "strokeLinejoin",
                          ]
                        }
                        stroke={4291611852}
                        strokeLinecap={1}
                        strokeLinejoin={1}
                        strokeWidth={4}
                      />
                    </RNSVGGroup>
                  </RNSVGSvgView>
                </View>
              </>
            </View>
          </View>
        </View>
        <View
          style={
            Object {
              "bottom": 0,
              "opacity": 0,
              "paddingVertical": 6,
              "position": "absolute",
              "width": 750,
            }
          }
        >
          <
            activeOpacity={1}
            style={
              Object {
                "alignItems": "center",
                "backgroundColor": "white",
                "borderTopColor": "#9A9A9A",
                "borderTopWidth": 0.3,
                "flexDirection": "row",
                "height": 50,
                "justifyContent": "space-between",
                "width": "100%",
              }
            }
          >
            <View
              style={
                Array [
                  Object {
                    "alignItems": "center",
                    "flexDirection": "column",
                    "height": "100%",
                    "justifyContent": "center",
                    "maxWidth": 120,
                  },
                  Object {
                    "flex": 1,
                  },
                ]
              }
            >
              <Text
                style={
                  Array [
                    Object {
                      "fontFamily": "Poppins-Regular",
                    },
                    Object {
                      "color": "#6D6D6D",
                    },
                  ]
                }
              >
                2000
                 left
              </Text>
            </View>
            <
              style={
                Array [
                  Object {
                    "alignItems": "center",
                    "flexDirection": "column",
                    "height": "100%",
                    "justifyContent": "center",
                    "maxWidth": 120,
                  },
                  Object {
                    "flex": 1,
                  },
                ]
              }
            >
              <RNSVGSvgView
                align="xMidYMid"
                bbHeight={24}
                bbWidth={24}
                class="feather feather-image"
                fill="none"
                focusable={false}
                height={24}
                meetOrSlice={0}
                minX={0}
                minY={0}
                stroke="#6E757C"
                strokeLinecap="round"
                strokeLinejoin="round"
                strokeWidth={2}
                style={
                  Array [
                    Object {
                      "backgroundColor": "transparent",
                      "borderWidth": 0,
                    },
                    Object {},
                    Object {
                      "flex": 0,
                      "height": 24,
                      "width": 24,
                    },
                  ]
                }
                vbHeight={24}
                vbWidth={24}
                width={24}
                xml="<svg xmlns=\\"http://www.w3.org/2000/svg\\" width=\\"24\\" height=\\"24\\" viewBox=\\"0 0 24 24\\" fill=\\"none\\" stroke=\\"#6E757C\\" stroke-width=\\"2\\" stroke-linecap=\\"round\\" stroke-linejoin=\\"round\\" class=\\"feather feather-image\\"><rect x=\\"3\\" y=\\"3\\" width=\\"18\\" height=\\"18\\" rx=\\"2\\" ry=\\"2\\"></rect><circle cx=\\"8.5\\" cy=\\"8.5\\" r=\\"1.5\\"></circle><polyline points=\\"21 15 16 10 5 21\\"></polyline></svg>"
                xmlns="http://www.w3.org/2000/svg"
              >
                <RNSVGGroup
                  fill={null}
                  propList={
                    Array [
                      "fill",
                      "stroke",
                      "strokeWidth",
                      "strokeLinecap",
                      "strokeLinejoin",
                    ]
                  }
                  stroke={4285429116}
                  strokeLinecap={1}
                  strokeLinejoin={1}
                  strokeWidth={2}
                >
                  <RNSVGRect
                    height={18}
                    rx={2}
                    ry={2}
                    width={18}
                    x={3}
                    y={3}
                  />
                  <RNSVGCircle
                    cx={8.5}
                    cy={8.5}
                    r={1.5}
                  />
                  <RNSVGPath
                    d="M21 15 16 10 5 21"
                  />
                </RNSVGGroup>
              </RNSVGSvgView>
            </>
            <
              style={
                Array [
                  Object {
                    "alignItems": "center",
                    "flexDirection": "column",
                    "height": "100%",
                    "justifyContent": "center",
                    "maxWidth": 120,
                  },
                  Object {
                    "flex": 1,
                  },
                ]
              }
            >
              <RNSVGSvgView
                align="xMidYMid"
                bbHeight={24}
                bbWidth={24}
                class="feather feather-check"
                fill="none"
                focusable={false}
                height={24}
                meetOrSlice={0}
                minX={0}
                minY={0}
                stroke="gray"
                strokeLinecap="round"
                strokeLinejoin="round"
                strokeWidth={2}
                style={
                  Array [
                    Object {
                      "backgroundColor": "transparent",
                      "borderWidth": 0,
                    },
                    Object {},
                    Object {
                      "flex": 0,
                      "height": 24,
                      "width": 24,
                    },
                  ]
                }
                vbHeight={24}
                vbWidth={24}
                width={24}
                xml="<svg xmlns=\\"http://www.w3.org/2000/svg\\" width=\\"24\\" height=\\"24\\" viewBox=\\"0 0 24 24\\" fill=\\"none\\" stroke=\\"gray\\" stroke-width=\\"2\\" stroke-linecap=\\"round\\" stroke-linejoin=\\"round\\" class=\\"feather feather-check\\"><polyline points=\\"20 6 9 17 4 12\\"></polyline></svg>"
                xmlns="http://www.w3.org/2000/svg"
              >
                <RNSVGGroup
                  fill={null}
                  propList={
                    Array [
                      "fill",
                      "stroke",
                      "strokeWidth",
                      "strokeLinecap",
                      "strokeLinejoin",
                    ]
                  }
                  stroke={4286611584}
                  strokeLinecap={1}
                  strokeLinejoin={1}
                  strokeWidth={2}
                >
                  <RNSVGPath
                    d="M20 6 9 17 4 12"
                  />
                </RNSVGGroup>
              </RNSVGSvgView>
            </>
          </>
        </View>
      </View>
    </View>
  </>
</View>
`;
