// Jest Snapshot v1, https://goo.gl/fbAQLP

exports[`Update Contact Screen should match snapshot 1`] = `
<View
  collapsable={true}
  pointerEvents="box-none"
  style={
    Object {
      "flex": 1,
    }
  }
>
  <TouchableOpacity
    activeOpacity={1}
    style={
      Object {
        "backgroundColor": "white",
        "flex": 1,
        "padding": 16,
      }
    }
  >
    <View
      style={
        Array [
          Object {
            "flex": 1,
            "flexDirection": "column",
            "justifyContent": "center",
          },
          Object {
            "paddingBottom": 0,
          },
        ]
      }
    />
    <ScrollView
      keyboardShouldPersistTaps="handled"
      scrollEnabled={true}
      style={
        Object {
          "width": "100%",
        }
      }
    >
      <View
        style={
          Object {
            "alignItems": "center",
            "backgroundColor": "white",
            "justifyContent": "center",
            "paddingTop": 22,
          }
        }
      >
        <ViewManagerAdapter_ExpoLinearGradient
          proxiedProperties={
            Object {
              "colors": Array [
                4289582079,
                4294953417,
              ],
              "endPoint": Array [
                1,
                0,
              ],
              "locations": undefined,
              "startPoint": Array [
                0,
                1,
              ],
            }
          }
          style={
            Object {
              "backgroundColor": "#FC7272",
              "borderRadius": 10,
              "height": 100,
              "left": 0,
              "position": "absolute",
              "top": 0,
              "width": "100%",
            }
          }
        />
        <TouchableOpacity
          activeOpacity={0.2}
          style={
            Object {
              "alignItems": "center",
              "backgroundColor": "#f6993f",
              "borderColor": "white",
              "borderRadius": 65,
              "borderWidth": 6,
              "height": 130,
              "justifyContent": "center",
              "overflow": "hidden",
              "width": 130,
            }
          }
          testID="profilePicture"
        >
          <Image
            accessibilityLabel="Profile Picture"
            source={1}
            style={
              Object {
                "height": 130,
                "width": 130,
              }
            }
          />
        </TouchableOpacity>
      </View>
      <Text
        style={
          Array [
            Object {
              "fontFamily": "Poppins-Bold",
            },
            Object {
              "fontSize": 14,
              "paddingBottom": 4,
            },
          ]
        }
      >
        First name
      </Text>
      <View
        pointerEvents="auto"
        style={
          Object {
            "backgroundColor": "#F2F2F2",
            "borderRadius": 8,
            "height": 50,
            "marginBottom": 10,
            "overflow": "hidden",
            "width": "100%",
          }
        }
        testID="parent"
      >
        <View
          testID="valid"
        />
        <View
          testID="unfocused"
        />
        <TextInput
          allowFontScaling={true}
          multiline={false}
          numberOfLines={1}
          placeholder="First name"
          rejectResponderTermination={true}
          secureTextEntry={false}
          style={
            Array [
              Object {
                "borderColor": "rgba(0,0,0,0)",
                "borderRadius": 8,
                "borderWidth": 2,
                "color": "#9A9A9A",
                "fontSize": 16,
                "paddingHorizontal": 10,
                "textAlignVertical": "center",
                "width": "100%",
              },
              Object {},
              Object {},
              Object {
                "height": 50,
              },
              Object {},
              Object {
                "fontFamily": "Poppins-Regular",
              },
            ]
          }
          underlineColorAndroid="transparent"
          value="First"
        />
        <View
          style={
            Object {
              "height": 0,
              "width": "100%",
              "zIndex": 5,
            }
          }
        >
          <ScrollView
            keyboardShouldPersistTaps="always"
            nestedScrollEnabled={true}
            style={
              Object {
                "flex": 1,
                "width": "100%",
              }
            }
          />
        </View>
      </View>
      <Text
        style={
          Array [
            Object {
              "fontFamily": "Poppins-Bold",
            },
            Object {
              "fontSize": 14,
              "paddingBottom": 4,
            },
          ]
        }
      >
        Last name
      </Text>
      <View
        pointerEvents="auto"
        style={
          Object {
            "backgroundColor": "#F2F2F2",
            "borderRadius": 8,
            "height": 50,
            "marginBottom": 10,
            "overflow": "hidden",
            "width": "100%",
          }
        }
        testID="parent"
      >
        <View
          testID="valid"
        />
        <View
          testID="unfocused"
        />
        <TextInput
          allowFontScaling={true}
          multiline={false}
          numberOfLines={1}
          placeholder="Last name"
          rejectResponderTermination={true}
          secureTextEntry={false}
          style={
            Array [
              Object {
                "borderColor": "rgba(0,0,0,0)",
                "borderRadius": 8,
                "borderWidth": 2,
                "color": "#9A9A9A",
                "fontSize": 16,
                "paddingHorizontal": 10,
                "textAlignVertical": "center",
                "width": "100%",
              },
              Object {},
              Object {},
              Object {
                "height": 50,
              },
              Object {},
              Object {
                "fontFamily": "Poppins-Regular",
              },
            ]
          }
          underlineColorAndroid="transparent"
          value="Last"
        />
        <View
          style={
            Object {
              "height": 0,
              "width": "100%",
              "zIndex": 5,
            }
          }
        >
          <ScrollView
            keyboardShouldPersistTaps="always"
            nestedScrollEnabled={true}
            style={
              Object {
                "flex": 1,
                "width": "100%",
              }
            }
          />
        </View>
      </View>
      <Text
        style={
          Array [
            Object {
              "fontFamily": "Poppins-Bold",
            },
            Object {
              "fontSize": 14,
              "paddingBottom": 4,
            },
          ]
        }
      >
        Address line 1
      </Text>
      <View
        pointerEvents="auto"
        style={
          Object {
            "backgroundColor": "#F2F2F2",
            "borderRadius": 8,
            "height": 50,
            "marginBottom": 10,
            "overflow": "hidden",
            "width": "100%",
          }
        }
        testID="parent"
      >
        <View
          testID="valid"
        />
        <View
          testID="unfocused"
        />
        <TextInput
          allowFontScaling={true}
          multiline={false}
          numberOfLines={1}
          placeholder="Address line 1"
          rejectResponderTermination={true}
          secureTextEntry={false}
          style={
            Array [
              Object {
                "borderColor": "rgba(0,0,0,0)",
                "borderRadius": 8,
                "borderWidth": 2,
                "color": "#9A9A9A",
                "fontSize": 16,
                "paddingHorizontal": 10,
                "textAlignVertical": "center",
                "width": "100%",
              },
              Object {},
              Object {},
              Object {
                "height": 50,
              },
              Object {},
              Object {
                "fontFamily": "Poppins-Regular",
              },
            ]
          }
          underlineColorAndroid="transparent"
          value="Facility Name"
        />
        <View
          style={
            Object {
              "height": 0,
              "width": "100%",
              "zIndex": 5,
            }
          }
        >
          <ScrollView
            keyboardShouldPersistTaps="always"
            nestedScrollEnabled={true}
            style={
              Object {
                "flex": 1,
                "width": "100%",
              }
            }
          />
        </View>
      </View>
      <Text
        style={
          Array [
            Object {
              "fontFamily": "Poppins-Bold",
            },
            Object {
              "fontSize": 14,
              "paddingBottom": 4,
            },
          ]
        }
      >
        Adress line 2
      </Text>
      <View
        pointerEvents="auto"
        style={
          Object {
            "backgroundColor": "#F2F2F2",
            "borderRadius": 8,
            "height": 50,
            "marginBottom": 10,
            "overflow": "hidden",
            "width": "100%",
          }
        }
        testID="parent"
      >
        <View
          testID="valid"
        />
        <View
          testID="unfocused"
        />
        <TextInput
          allowFontScaling={true}
          multiline={false}
          numberOfLines={1}
          placeholder="Adress line 2"
          rejectResponderTermination={true}
          secureTextEntry={false}
          style={
            Array [
              Object {
                "borderColor": "rgba(0,0,0,0)",
                "borderRadius": 8,
                "borderWidth": 2,
                "color": "#9A9A9A",
                "fontSize": 16,
                "paddingHorizontal": 10,
                "textAlignVertical": "center",
                "width": "100%",
              },
              Object {},
              Object {},
              Object {
                "height": 50,
              },
              Object {},
              Object {
                "fontFamily": "Poppins-Regular",
              },
            ]
          }
          underlineColorAndroid="transparent"
          value="Address"
        />
        <View
          style={
            Object {
              "height": 0,
              "width": "100%",
              "zIndex": 5,
            }
          }
        >
          <ScrollView
            keyboardShouldPersistTaps="always"
            nestedScrollEnabled={true}
            style={
              Object {
                "flex": 1,
                "width": "100%",
              }
            }
          />
        </View>
      </View>
      <View
        pointerEvents="auto"
        style={
          Object {
            "backgroundColor": "#F2F2F2",
            "borderRadius": 8,
            "height": 50,
            "marginBottom": 10,
            "overflow": "hidden",
            "width": "100%",
          }
        }
        testID="parent"
      >
        <View
          testID="valid"
        />
        <View
          testID="unfocused"
        />
        <TextInput
          allowFontScaling={true}
          multiline={false}
          numberOfLines={1}
          placeholder="Unit (optional, only if needed)"
          rejectResponderTermination={true}
          secureTextEntry={false}
          style={
            Array [
              Object {
                "borderColor": "rgba(0,0,0,0)",
                "borderRadius": 8,
                "borderWidth": 2,
                "color": "#9A9A9A",
                "fontSize": 16,
                "paddingHorizontal": 10,
                "textAlignVertical": "center",
                "width": "100%",
              },
              Object {
                "color": "#282828",
              },
              Object {},
              Object {
                "height": 50,
              },
              Object {},
              Object {
                "fontFamily": "Poppins-Regular",
              },
            ]
          }
          underlineColorAndroid="transparent"
          value=""
        />
        <View
          style={
            Object {
              "height": 0,
              "width": "100%",
              "zIndex": 5,
            }
          }
        >
          <ScrollView
            keyboardShouldPersistTaps="always"
            nestedScrollEnabled={true}
            style={
              Object {
                "flex": 1,
                "width": "100%",
              }
            }
          />
        </View>
      </View>
      <View
        pointerEvents="auto"
        style={
          Object {
            "backgroundColor": "#F2F2F2",
            "borderRadius": 8,
            "height": 50,
            "marginBottom": 10,
            "overflow": "hidden",
            "width": "100%",
          }
        }
        testID="parent"
      >
        <View
          testID="valid"
        />
        <View
          testID="unfocused"
        />
        <TextInput
          allowFontScaling={true}
          multiline={false}
          numberOfLines={1}
          placeholder="Dorm (optional, only if needed)"
          rejectResponderTermination={true}
          secureTextEntry={false}
          style={
            Array [
              Object {
                "borderColor": "rgba(0,0,0,0)",
                "borderRadius": 8,
                "borderWidth": 2,
                "color": "#9A9A9A",
                "fontSize": 16,
                "paddingHorizontal": 10,
                "textAlignVertical": "center",
                "width": "100%",
              },
              Object {
                "color": "#282828",
              },
              Object {},
              Object {
                "height": 50,
              },
              Object {},
              Object {
                "fontFamily": "Poppins-Regular",
              },
            ]
          }
          underlineColorAndroid="transparent"
          value=""
        />
        <View
          style={
            Object {
              "height": 0,
              "width": "100%",
              "zIndex": 5,
            }
          }
        >
          <ScrollView
            keyboardShouldPersistTaps="always"
            nestedScrollEnabled={true}
            style={
              Object {
                "flex": 1,
                "width": "100%",
              }
            }
          />
        </View>
      </View>
    </ScrollView>
    <TouchableOpacity
      activeOpacity={0.7}
      style={
        Array [
          Object {
            "alignItems": "center",
            "backgroundColor": "#FF7171",
            "borderRadius": 16,
            "flexDirection": "row",
            "justifyContent": "center",
            "marginVertical": 5,
            "paddingHorizontal": 14,
          },
          Object {},
          Object {
            "backgroundColor": "#436697",
          },
          Object {},
          Object {
            "elevation": 4,
            "shadowColor": "#000",
            "shadowOffset": Object {
              "height": 5,
              "width": 0,
            },
            "shadowOpacity": 0.22,
          },
        ]
      }
      testID="clickable"
    >
      <Text
        style={
          Array [
            Object {
              "fontFamily": "Poppins-Medium",
            },
            Object {
              "color": "white",
              "fontSize": 20,
              "fontWeight": "700",
              "padding": 6,
            },
            Object {},
            Object {},
            Object {},
          ]
        }
      >
        Delete Profile
      </Text>
    </TouchableOpacity>
  </TouchableOpacity>
</View>
`;
