// Jest Snapshot v1, https://goo.gl/fbAQLP

exports[`Review Contact Screen should match snapshot 1`] = `
<View
  collapsable={true}
  pointerEvents="box-none"
  style={
    Object {
      "flex": 1,
    }
  }
>
  <TouchableOpacity
    activeOpacity={1}
    style={
      Object {
        "backgroundColor": "white",
        "flex": 1,
      }
    }
  >
    <View
      style={
        Array [
          Object {
            "flex": 1,
          },
          Object {
            "paddingBottom": 0,
          },
        ]
      }
    >
      <View
        style={
          Object {
            "alignItems": "center",
            "flex": 1,
            "justifyContent": "center",
          }
        }
      >
        <ScrollView
          keyboardShouldPersistTaps="handled"
          style={
            Object {
              "width": "100%",
            }
          }
        >
          <View
            style={
              Object {
                "width": "100%",
              }
            }
          />
          <View
            style={
              Array [
                Object {
                  "backgroundColor": "white",
                  "flex": 1,
                  "padding": 16,
                },
                Object {
                  "alignItems": "center",
                },
              ]
            }
          >
            <View
              style={
                Object {
                  "alignItems": "center",
                  "flexDirection": "row",
                }
              }
            >
              <Text
                style={
                  Object {
                    "fontFamily": "Poppins-Bold",
                    "fontSize": 24,
                  }
                }
              >
                Review Contact
              </Text>
            </View>
            <View
              style={
                Object {
                  "alignSelf": "center",
                  "marginVertical": 10,
                }
              }
            >
              <View
                style={
                  Object {
                    "alignSelf": "center",
                  }
                }
              >
                <TouchableOpacity
                  activeOpacity={0.2}
                  style={
                    Array [
                      Object {
                        "height": 136,
                        "width": 136,
                      },
                      Object {
                        "alignItems": "center",
                        "borderRadius": 68,
                        "justifyContent": "center",
                        "overflow": "hidden",
                      },
                      Object {},
                    ]
                  }
                  testID="clickable"
                >
                  <View
                    testID="profile placeholder"
                  >
                    <RNSVGSvgView
                      align="xMidYMid"
                      bbHeight={130}
                      bbWidth={130}
                      fill="none"
                      focusable={false}
                      height={130}
                      meetOrSlice={0}
                      minX={0}
                      minY={0}
                      style={
                        Array [
                          Object {
                            "backgroundColor": "transparent",
                            "borderWidth": 0,
                          },
                          Object {
                            "flex": 0,
                            "height": 130,
                            "width": 130,
                          },
                        ]
                      }
                      vbHeight={55}
                      vbWidth={55}
                      width={130}
                      xml="<svg width=\\"130\\" height=\\"130\\" viewBox=\\"0 0 55 55\\" fill=\\"none\\" xmlns=\\"http://www.w3.org/2000/svg\\">
<circle cx=\\"27.5\\" cy=\\"27.5\\" r=\\"27.5\\" fill=\\"#C4C4C4\\"/>
<path fill-rule=\\"evenodd\\" clip-rule=\\"evenodd\\" d=\\"M15.965 17.965C14.9134 17.965 13.9049 18.3827 13.1613 19.1263C12.4177 19.8699 12 20.8784 12 21.93V37.79C12 38.8416 12.4177 39.8501 13.1613 40.5937C13.9049 41.3373 14.9134 41.755 15.965 41.755H39.755C40.8066 41.755 41.8151 41.3373 42.5587 40.5937C43.3023 39.8501 43.72 38.8416 43.72 37.79V21.93C43.72 20.8784 43.3023 19.8699 42.5587 19.1263C41.8151 18.3827 40.8066 17.965 39.755 17.965H36.6108C36.085 17.9649 35.5808 17.7559 35.2091 17.3841L32.9867 15.1617C32.2433 14.4181 31.235 14.0002 30.1835 14H25.5365C24.485 14.0002 23.4767 14.4181 22.7333 15.1617L20.5109 17.3841C20.1392 17.7559 19.635 17.9649 19.1092 17.965H15.965ZM27.86 35.8075C28.641 35.8075 29.4144 35.6537 30.136 35.3548C30.8576 35.0559 31.5132 34.6178 32.0655 34.0655C32.6178 33.5132 33.0559 32.8576 33.3548 32.136C33.6537 31.4144 33.8075 30.641 33.8075 29.86C33.8075 29.079 33.6537 28.3056 33.3548 27.584C33.0559 26.8624 32.6178 26.2068 32.0655 25.6545C31.5132 25.1022 30.8576 24.6641 30.136 24.3652C29.4144 24.0663 28.641 23.9125 27.86 23.9125C26.2826 23.9125 24.7699 24.5391 23.6545 25.6545C22.5391 26.7699 21.9125 28.2826 21.9125 29.86C21.9125 31.4374 22.5391 32.9501 23.6545 34.0655C24.7699 35.1809 26.2826 35.8075 27.86 35.8075V35.8075Z\\" fill=\\"black\\"/>
</svg>
"
                      xmlns="http://www.w3.org/2000/svg"
                    >
                      <RNSVGGroup
                        fill={null}
                        propList={
                          Array [
                            "fill",
                          ]
                        }
                      >
                        <RNSVGCircle
                          cx={27.5}
                          cy={27.5}
                          fill={4291085508}
                          propList={
                            Array [
                              "fill",
                            ]
                          }
                          r={27.5}
                        />
                        <RNSVGPath
                          clipRule={0}
                          d="M15.965 17.965C14.9134 17.965 13.9049 18.3827 13.1613 19.1263C12.4177 19.8699 12 20.8784 12 21.93V37.79C12 38.8416 12.4177 39.8501 13.1613 40.5937C13.9049 41.3373 14.9134 41.755 15.965 41.755H39.755C40.8066 41.755 41.8151 41.3373 42.5587 40.5937C43.3023 39.8501 43.72 38.8416 43.72 37.79V21.93C43.72 20.8784 43.3023 19.8699 42.5587 19.1263C41.8151 18.3827 40.8066 17.965 39.755 17.965H36.6108C36.085 17.9649 35.5808 17.7559 35.2091 17.3841L32.9867 15.1617C32.2433 14.4181 31.235 14.0002 30.1835 14H25.5365C24.485 14.0002 23.4767 14.4181 22.7333 15.1617L20.5109 17.3841C20.1392 17.7559 19.635 17.9649 19.1092 17.965H15.965ZM27.86 35.8075C28.641 35.8075 29.4144 35.6537 30.136 35.3548C30.8576 35.0559 31.5132 34.6178 32.0655 34.0655C32.6178 33.5132 33.0559 32.8576 33.3548 32.136C33.6537 31.4144 33.8075 30.641 33.8075 29.86C33.8075 29.079 33.6537 28.3056 33.3548 27.584C33.0559 26.8624 32.6178 26.2068 32.0655 25.6545C31.5132 25.1022 30.8576 24.6641 30.136 24.3652C29.4144 24.0663 28.641 23.9125 27.86 23.9125C26.2826 23.9125 24.7699 24.5391 23.6545 25.6545C22.5391 26.7699 21.9125 28.2826 21.9125 29.86C21.9125 31.4374 22.5391 32.9501 23.6545 34.0655C24.7699 35.1809 26.2826 35.8075 27.86 35.8075V35.8075Z"
                          fill={4278190080}
                          fillRule={0}
                          propList={
                            Array [
                              "fill",
                              "fillRule",
                            ]
                          }
                        />
                      </RNSVGGroup>
                    </RNSVGSvgView>
                  </View>
                </TouchableOpacity>
              </View>
              <Text
                style={
                  Array [
                    Object {
                      "fontFamily": "Poppins-Regular-Italic",
                    },
                    Object {
                      "paddingTop": 12,
                    },
                  ]
                }
              >
                Click to upload contact's image
              </Text>
            </View>
            <View
              pointerEvents="auto"
              style={
                Object {
                  "backgroundColor": "#F2F2F2",
                  "borderRadius": 8,
                  "height": 50,
                  "marginBottom": 10,
                  "marginTop": 10,
                  "overflow": "hidden",
                  "width": "100%",
                }
              }
              testID="parent"
            >
              <View
                testID="valid"
              />
              <View
                testID="unfocused"
              />
              <TextInput
                allowFontScaling={true}
                multiline={false}
                numberOfLines={1}
                placeholder="State"
                rejectResponderTermination={true}
                secureTextEntry={false}
                style={
                  Array [
                    Object {
                      "borderColor": "rgba(0,0,0,0)",
                      "borderRadius": 8,
                      "borderWidth": 2,
                      "color": "black",
                      "fontSize": 16,
                      "paddingHorizontal": 10,
                      "textAlignVertical": "center",
                      "width": "100%",
                    },
                    Object {},
                    Object {},
                    Object {
                      "height": 50,
                    },
                    Object {},
                    Object {
                      "fontFamily": "Poppins-Regular",
                    },
                  ]
                }
                underlineColorAndroid="transparent"
                value="Minnesota"
              />
              <View
                style={
                  Object {
                    "height": 50,
                    "width": "100%",
                    "zIndex": 5,
                  }
                }
              >
                <ScrollView
                  keyboardShouldPersistTaps="always"
                  nestedScrollEnabled={true}
                  style={
                    Object {
                      "flex": 1,
                      "width": "100%",
                    }
                  }
                >
                  <TouchableOpacity
                    activeOpacity={0.2}
                    style={
                      Array [
                        Object {
                          "borderBottomWidth": 1,
                          "borderColor": "#6D6D6D",
                          "height": 50,
                          "justifyContent": "center",
                          "paddingHorizontal": 10,
                          "width": "100%",
                        },
                        Object {
                          "borderBottomWidth": 0,
                        },
                      ]
                    }
                  >
                    <Text
                      style={
                        Object {
                          "fontFamily": "Poppins-Regular",
                        }
                      }
                    >
                      Minnesota
                    </Text>
                  </TouchableOpacity>
                </ScrollView>
              </View>
            </View>
            <View
              pointerEvents="auto"
              style={
                Object {
                  "backgroundColor": "#F2F2F2",
                  "borderRadius": 8,
                  "height": 50,
                  "marginBottom": 10,
                  "overflow": "hidden",
                  "width": "100%",
                }
              }
              testID="parent"
            >
              <View
                testID="valid"
              />
              <View
                testID="unfocused"
              />
              <TextInput
                allowFontScaling={true}
                multiline={false}
                numberOfLines={1}
                placeholder="First Name"
                rejectResponderTermination={true}
                secureTextEntry={false}
                style={
                  Array [
                    Object {
                      "borderColor": "rgba(0,0,0,0)",
                      "borderRadius": 8,
                      "borderWidth": 2,
                      "color": "black",
                      "fontSize": 16,
                      "paddingHorizontal": 10,
                      "textAlignVertical": "center",
                      "width": "100%",
                    },
                    Object {},
                    Object {},
                    Object {
                      "height": 50,
                    },
                    Object {},
                    Object {
                      "fontFamily": "Poppins-Regular",
                    },
                  ]
                }
                underlineColorAndroid="transparent"
                value="First"
              />
              <View
                style={
                  Object {
                    "height": 0,
                    "width": "100%",
                    "zIndex": 5,
                  }
                }
              >
                <ScrollView
                  keyboardShouldPersistTaps="always"
                  nestedScrollEnabled={true}
                  style={
                    Object {
                      "flex": 1,
                      "width": "100%",
                    }
                  }
                />
              </View>
            </View>
            <View
              pointerEvents="auto"
              style={
                Object {
                  "backgroundColor": "#F2F2F2",
                  "borderRadius": 8,
                  "height": 50,
                  "marginBottom": 10,
                  "overflow": "hidden",
                  "width": "100%",
                }
              }
              testID="parent"
            >
              <View
                testID="valid"
              />
              <View
                testID="unfocused"
              />
              <TextInput
                allowFontScaling={true}
                multiline={false}
                numberOfLines={1}
                placeholder="Last Name"
                rejectResponderTermination={true}
                secureTextEntry={false}
                style={
                  Array [
                    Object {
                      "borderColor": "rgba(0,0,0,0)",
                      "borderRadius": 8,
                      "borderWidth": 2,
                      "color": "black",
                      "fontSize": 16,
                      "paddingHorizontal": 10,
                      "textAlignVertical": "center",
                      "width": "100%",
                    },
                    Object {},
                    Object {},
                    Object {
                      "height": 50,
                    },
                    Object {},
                    Object {
                      "fontFamily": "Poppins-Regular",
                    },
                  ]
                }
                underlineColorAndroid="transparent"
                value="Last"
              />
              <View
                style={
                  Object {
                    "height": 0,
                    "width": "100%",
                    "zIndex": 5,
                  }
                }
              >
                <ScrollView
                  keyboardShouldPersistTaps="always"
                  nestedScrollEnabled={true}
                  style={
                    Object {
                      "flex": 1,
                      "width": "100%",
                    }
                  }
                />
              </View>
            </View>
            <View
              pointerEvents="auto"
              style={
                Object {
                  "backgroundColor": "#F2F2F2",
                  "borderRadius": 8,
                  "height": 50,
                  "marginBottom": 10,
                  "overflow": "hidden",
                  "width": "100%",
                }
              }
              testID="parent"
            >
              <View
                testID="valid"
              />
              <View
                testID="unfocused"
              />
              <TextInput
                allowFontScaling={true}
                multiline={false}
                numberOfLines={1}
                placeholder="Postal"
                rejectResponderTermination={true}
                secureTextEntry={false}
                style={
                  Array [
                    Object {
                      "borderColor": "rgba(0,0,0,0)",
                      "borderRadius": 8,
                      "borderWidth": 2,
                      "color": "black",
                      "fontSize": 16,
                      "paddingHorizontal": 10,
                      "textAlignVertical": "center",
                      "width": "100%",
                    },
                    Object {},
                    Object {},
                    Object {
                      "height": 50,
                    },
                    Object {},
                    Object {
                      "fontFamily": "Poppins-Regular",
                    },
                  ]
                }
                underlineColorAndroid="transparent"
                value="23232"
              />
              <View
                style={
                  Object {
                    "height": 0,
                    "width": "100%",
                    "zIndex": 5,
                  }
                }
              >
                <ScrollView
                  keyboardShouldPersistTaps="always"
                  nestedScrollEnabled={true}
                  style={
                    Object {
                      "flex": 1,
                      "width": "100%",
                    }
                  }
                />
              </View>
            </View>
            <View
              pointerEvents="auto"
              style={
                Object {
                  "backgroundColor": "#F2F2F2",
                  "borderRadius": 8,
                  "height": 50,
                  "marginBottom": 10,
                  "overflow": "hidden",
                  "width": "100%",
                }
              }
              testID="parent"
            >
              <View
                testID="valid"
              />
              <View
                testID="unfocused"
              />
              <TextInput
                allowFontScaling={true}
                multiline={false}
                numberOfLines={1}
                placeholder="Facility Name"
                rejectResponderTermination={true}
                secureTextEntry={false}
                style={
                  Array [
                    Object {
                      "borderColor": "rgba(0,0,0,0)",
                      "borderRadius": 8,
                      "borderWidth": 2,
                      "color": "black",
                      "fontSize": 16,
                      "paddingHorizontal": 10,
                      "textAlignVertical": "center",
                      "width": "100%",
                    },
                    Object {},
                    Object {},
                    Object {
                      "height": 50,
                    },
                    Object {},
                    Object {
                      "fontFamily": "Poppins-Regular",
                    },
                  ]
                }
                underlineColorAndroid="transparent"
                value="Facility Name"
              />
              <View
                style={
                  Object {
                    "height": 0,
                    "width": "100%",
                    "zIndex": 5,
                  }
                }
              >
                <ScrollView
                  keyboardShouldPersistTaps="always"
                  nestedScrollEnabled={true}
                  style={
                    Object {
                      "flex": 1,
                      "width": "100%",
                    }
                  }
                />
              </View>
            </View>
            <View
              pointerEvents="auto"
              style={
                Object {
                  "backgroundColor": "#F2F2F2",
                  "borderRadius": 8,
                  "height": 50,
                  "marginBottom": 10,
                  "overflow": "hidden",
                  "width": "100%",
                }
              }
              testID="parent"
            >
              <View
                testID="valid"
              />
              <View
                testID="unfocused"
              />
              <TextInput
                allowFontScaling={true}
                multiline={false}
                numberOfLines={1}
                placeholder="Facility Address"
                rejectResponderTermination={true}
                secureTextEntry={false}
                style={
                  Array [
                    Object {
                      "borderColor": "rgba(0,0,0,0)",
                      "borderRadius": 8,
                      "borderWidth": 2,
                      "color": "black",
                      "fontSize": 16,
                      "paddingHorizontal": 10,
                      "textAlignVertical": "center",
                      "width": "100%",
                    },
                    Object {},
                    Object {},
                    Object {
                      "height": 50,
                    },
                    Object {},
                    Object {
                      "fontFamily": "Poppins-Regular",
                    },
                  ]
                }
                underlineColorAndroid="transparent"
                value="Address"
              />
              <View
                style={
                  Object {
                    "height": 0,
                    "width": "100%",
                    "zIndex": 5,
                  }
                }
              >
                <ScrollView
                  keyboardShouldPersistTaps="always"
                  nestedScrollEnabled={true}
                  style={
                    Object {
                      "flex": 1,
                      "width": "100%",
                    }
                  }
                />
              </View>
            </View>
            <View
              pointerEvents="auto"
              style={
                Object {
                  "backgroundColor": "#F2F2F2",
                  "borderRadius": 8,
                  "height": 50,
                  "marginBottom": 10,
                  "overflow": "hidden",
                  "width": "100%",
                }
              }
              testID="parent"
            >
              <View
                testID="invalid"
              />
              <View
                testID="unfocused"
              />
              <TextInput
                allowFontScaling={true}
                multiline={false}
                numberOfLines={1}
                placeholder="Unit (optional, only if needed)"
                rejectResponderTermination={true}
                secureTextEntry={false}
                style={
                  Array [
                    Object {
                      "borderColor": "rgba(0,0,0,0)",
                      "borderRadius": 8,
                      "borderWidth": 2,
                      "color": "black",
                      "fontSize": 16,
                      "paddingHorizontal": 10,
                      "textAlignVertical": "center",
                      "width": "100%",
                    },
                    Object {
                      "color": "#282828",
                    },
                    Object {},
                    Object {
                      "height": 50,
                    },
                    Object {},
                    Object {
                      "fontFamily": "Poppins-Regular",
                    },
                  ]
                }
                underlineColorAndroid="transparent"
                value=""
              />
              <View
                style={
                  Object {
                    "height": 0,
                    "width": "100%",
                    "zIndex": 5,
                  }
                }
              >
                <ScrollView
                  keyboardShouldPersistTaps="always"
                  nestedScrollEnabled={true}
                  style={
                    Object {
                      "flex": 1,
                      "width": "100%",
                    }
                  }
                />
              </View>
            </View>
            <View
              pointerEvents="auto"
              style={
                Object {
                  "backgroundColor": "#F2F2F2",
                  "borderRadius": 8,
                  "height": 50,
                  "marginBottom": 10,
                  "overflow": "hidden",
                  "width": "100%",
                }
              }
              testID="parent"
            >
              <View
                testID="invalid"
              />
              <View
                testID="unfocused"
              />
              <TextInput
                allowFontScaling={true}
                multiline={false}
                numberOfLines={1}
                placeholder="Dorm (optional, only if needed)"
                rejectResponderTermination={true}
                secureTextEntry={false}
                style={
                  Array [
                    Object {
                      "borderColor": "rgba(0,0,0,0)",
                      "borderRadius": 8,
                      "borderWidth": 2,
                      "color": "black",
                      "fontSize": 16,
                      "paddingHorizontal": 10,
                      "textAlignVertical": "center",
                      "width": "100%",
                    },
                    Object {
                      "color": "#282828",
                    },
                    Object {},
                    Object {
                      "height": 50,
                    },
                    Object {},
                    Object {
                      "fontFamily": "Poppins-Regular",
                    },
                  ]
                }
                underlineColorAndroid="transparent"
                value=""
              />
              <View
                style={
                  Object {
                    "height": 0,
                    "width": "100%",
                    "zIndex": 5,
                  }
                }
              >
                <ScrollView
                  keyboardShouldPersistTaps="always"
                  nestedScrollEnabled={true}
                  style={
                    Object {
                      "flex": 1,
                      "width": "100%",
                    }
                  }
                />
              </View>
            </View>
          </View>
        </ScrollView>
      </View>
      <View
        style={
          Object {
            "alignSelf": "center",
            "backgroundColor": "#FFF5F5",
            "flexDirection": "row",
            "padding": 15,
          }
        }
      >
        <TouchableOpacity
          activeOpacity={0.7}
          style={
            Array [
              Object {
                "alignItems": "center",
                "backgroundColor": "#FF7171",
                "borderRadius": 16,
                "flexDirection": "row",
                "justifyContent": "center",
                "marginVertical": 5,
                "paddingHorizontal": 14,
              },
              Object {},
              Object {
                "flex": 1,
                "margin": 10,
              },
              Object {},
              Object {
                "elevation": 4,
                "shadowColor": "#000",
                "shadowOffset": Object {
                  "height": 5,
                  "width": 0,
                },
                "shadowOpacity": 0.22,
              },
            ]
          }
          testID="clickable"
        >
          <Text
            style={
              Array [
                Object {
                  "fontFamily": "Poppins-Medium",
                },
                Object {
                  "color": "white",
                  "fontSize": 20,
                  "fontWeight": "700",
                  "padding": 6,
                },
                Object {},
                Object {},
                Object {},
              ]
            }
          >
            Next
          </Text>
          <View
            style={
              Object {
                "position": "absolute",
                "right": 12,
              }
            }
            testID="nextIcon"
          >
            <RNSVGSvgView
              align="xMidYMid"
              bbHeight={21}
              bbWidth={24}
              fill="none"
              focusable={false}
              height={21}
              meetOrSlice={0}
              minX={0}
              minY={0}
              style={
                Array [
                  Object {
                    "backgroundColor": "transparent",
                    "borderWidth": 0,
                  },
                  Object {
                    "flex": 0,
                    "height": 21,
                    "width": 24,
                  },
                ]
              }
              vbHeight={21}
              vbWidth={24}
              width={24}
              xml="<svg width=\\"24\\" height=\\"21\\" viewBox=\\"0 0 24 21\\" fill=\\"none\\" xmlns=\\"http://www.w3.org/2000/svg\\">
<path d=\\"M24 10.5L16.2772 21H12.1188L18.6535 12.25H0V8.75H18.6535L12.1188 0H16.2772L24 10.5Z\\" fill=\\"white\\"/>
</svg>
"
              xmlns="http://www.w3.org/2000/svg"
            >
              <RNSVGGroup
                fill={null}
                propList={
                  Array [
                    "fill",
                  ]
                }
              >
                <RNSVGPath
                  d="M24 10.5L16.2772 21H12.1188L18.6535 12.25H0V8.75H18.6535L12.1188 0H16.2772L24 10.5Z"
                  fill={4294967295}
                  propList={
                    Array [
                      "fill",
                    ]
                  }
                />
              </RNSVGGroup>
            </RNSVGSvgView>
          </View>
        </TouchableOpacity>
      </View>
    </View>
  </TouchableOpacity>
</View>
`;
