// Jest Snapshot v1, https://goo.gl/fbAQLP

exports[`Alert component should match snapshot 1`] = `
<View
  collapsable={true}
  pointerEvents="box-none"
  style={
    Object {
      "flex": 1,
    }
  }
>
  <View />
</View>
`;
