// Jest Snapshot v1, https://goo.gl/fbAQLP

exports[`Button component should match snapshot 1`] = `
<View
  collapsable={true}
  pointerEvents="box-none"
  style={
    Object {
      "flex": 1,
    }
  }
>
  <TouchableOpacity
    activeOpacity={0.7}
    style={
      Array [
        Object {
          "alignItems": "center",
          "backgroundColor": "#FF7171",
          "borderRadius": 15,
          "flexDirection": "row",
          "justifyContent": "center",
          "marginVertical": 5,
          "paddingHorizontal": 14,
        },
        Object {},
        Object {},
        Object {},
        Object {
          "elevation": 4,
          "shadowColor": "#000",
          "shadowOffset": Object {
            "height": 2,
            "width": 0,
          },
          "shadowOpacity": 0.23,
          "shadowRadius": 2.62,
        },
      ]
    }
    testID="clickable"
  >
    <Text
      style={
        Array [
          Object {
            "fontFamily": "Poppins-Medium",
          },
          Object {
            "color": "white",
            "fontSize": 20,
            "fontWeight": "700",
            "padding": 6,
          },
          Object {},
          Object {},
          Object {},
        ]
      }
    >
      press me
    </Text>
  </TouchableOpacity>
</View>
`;
