// Jest Snapshot v1, https://goo.gl/fbAQLP

exports[`Dropdown component should match snapshot 1`] = `
<View
  collapsable={true}
  pointerEvents="box-none"
  style={
    Object {
      "flex": 1,
    }
  }
>
  <View
    style={
      Object {
        "elevation": 999,
        "position": "absolute",
        "top": -100,
        "width": "100%",
        "zIndex": 999,
      }
    }
  >
    <View />
  </View>
</View>
`;
