// Jest Snapshot v1, https://goo.gl/fbAQLP

exports[`Input component should match snapshot 1`] = `
<View
  collapsable={true}
  pointerEvents="box-none"
  style={
    Object {
      "flex": 1,
    }
  }
>
  <View
    pointerEvents="auto"
    style={
      Object {
        "backgroundColor": "#F2F2F2",
        "borderRadius": 8,
        "height": 50,
        "marginBottom": 10,
        "overflow": "hidden",
        "width": "100%",
      }
    }
    testID="parent"
  >
    <View
      testID="invalid"
    />
    <View
      testID="unfocused"
    />
    <TextInput
      allowFontScaling={true}
      multiline={false}
      numberOfLines={1}
      placeholder="placeholder"
      rejectResponderTermination={true}
      secureTextEntry={false}
      style={
        Array [
          Object {
            "borderColor": "rgba(0,0,0,0)",
            "borderRadius": 8,
            "borderWidth": 2,
            "color": "black",
            "fontSize": 16,
            "paddingHorizontal": 10,
            "textAlignVertical": "center",
            "width": "100%",
          },
          Object {
            "color": "#282828",
          },
          Object {},
          Object {
            "height": 50,
          },
          Object {},
          Object {
            "fontFamily": "Poppins-Regular",
          },
        ]
      }
      underlineColorAndroid="transparent"
      value=""
    />
    <View
      style={
        Object {
          "height": 0,
          "width": "100%",
          "zIndex": 5,
        }
      }
    >
      <ScrollView
        keyboardShouldPersistTaps="always"
        nestedScrollEnabled={true}
        style={
          Object {
            "flex": 1,
            "width": "100%",
          }
        }
      />
    </View>
  </View>
</View>
`;
