// Jest Snapshot v1, https://goo.gl/fbAQLP

exports[`Splash screen should match snapshot 1`] = `
<View
  collapsable={true}
  pointerEvents="box-none"
  style={
    Object {
      "flex": 1,
    }
  }
>
  <View
    accessible={false}
    style={
      Object {
        "alignItems": "center",
        "backgroundColor": "white",
        "flex": 1,
        "justifyContent": "center",
      }
    }
  >
    <View
      accessibilityLabel="Ameelio Logo"
      accessible={true}
    >
      <RNSVGSvgView
        align="xMidYMid"
        bbHeight={145}
        bbWidth={143}
        fill="none"
        focusable={false}
        height={145}
        meetOrSlice={0}
        minX={0}
        minY={0}
        style={
          Array [
            Object {
              "backgroundColor": "transparent",
              "borderWidth": 0,
            },
            Object {
              "padding": 80,
            },
            Object {
              "flex": 0,
              "height": 145,
              "width": 143,
            },
          ]
        }
        vbHeight={145}
        vbWidth={143}
        width={143}
        xml="<svg width=\\"143\\" height=\\"145\\" viewBox=\\"0 0 143 145\\" fill=\\"none\\" xmlns=\\"http://www.w3.org/2000/svg\\">
    <g clip-path=\\"url(#clip0)\\">
        <path d=\\"M5.06982 26.7918L29.6294 24.8912L45.7298 77.8561L5.06982 26.7918Z\\" fill=\\"#FF7171\\"/>
        <path d=\\"M24.2925 0L48.3623 79.2049L68.6478 24.8912L24.2925 0Z\\" fill=\\"#FF7171\\"/>
        <path d=\\"M4 132.727L39.9963 102L27.786 134.689L4 132.727Z\\" fill=\\"#FF7171\\"/>
        <path d=\\"M69.31 29.0881L33.8369 124.055L59.9659 117.383L93.5357 108.811L69.31 29.0881Z\\" fill=\\"#FF7171\\"/>
        <path d=\\"M79.7896 56.2477L116.047 46.9957L94.5042 104.67L79.7896 56.2477Z\\" fill=\\"#FF7171\\"/>
        <path d=\\"M110.17 68.6877L118.507 46.3659L143 60.2104L110.17 68.6877Z\\" fill=\\"#FF7171\\"/>
    </g>
    <defs>
        <clipPath id=\\"clip0\\">
            <rect width=\\"143\\" height=\\"145\\" fill=\\"white\\"/>
        </clipPath>
    </defs>
</svg>
"
        xmlns="http://www.w3.org/2000/svg"
      >
        <RNSVGGroup
          fill={null}
          propList={
            Array [
              "fill",
            ]
          }
        >
          <RNSVGGroup
            clipPath="clip0"
          >
            <RNSVGPath
              d="M5.06982 26.7918L29.6294 24.8912L45.7298 77.8561L5.06982 26.7918Z"
              fill={4294930801}
              propList={
                Array [
                  "fill",
                ]
              }
            />
            <RNSVGPath
              d="M24.2925 0L48.3623 79.2049L68.6478 24.8912L24.2925 0Z"
              fill={4294930801}
              propList={
                Array [
                  "fill",
                ]
              }
            />
            <RNSVGPath
              d="M4 132.727L39.9963 102L27.786 134.689L4 132.727Z"
              fill={4294930801}
              propList={
                Array [
                  "fill",
                ]
              }
            />
            <RNSVGPath
              d="M69.31 29.0881L33.8369 124.055L59.9659 117.383L93.5357 108.811L69.31 29.0881Z"
              fill={4294930801}
              propList={
                Array [
                  "fill",
                ]
              }
            />
            <RNSVGPath
              d="M79.7896 56.2477L116.047 46.9957L94.5042 104.67L79.7896 56.2477Z"
              fill={4294930801}
              propList={
                Array [
                  "fill",
                ]
              }
            />
            <RNSVGPath
              d="M110.17 68.6877L118.507 46.3659L143 60.2104L110.17 68.6877Z"
              fill={4294930801}
              propList={
                Array [
                  "fill",
                ]
              }
            />
          </RNSVGGroup>
          <RNSVGDefs>
            <RNSVGClipPath
              name="clip0"
            >
              <RNSVGRect
                fill={4294967295}
                height={145}
                propList={
                  Array [
                    "fill",
                  ]
                }
                width={143}
                x={0}
                y={0}
              />
            </RNSVGClipPath>
          </RNSVGDefs>
        </RNSVGGroup>
      </RNSVGSvgView>
    </View>
  </View>
</View>
`;
