// Jest Snapshot v1, https://goo.gl/fbAQLP

exports[`Explain Problem screen should match snapshot 1`] = `
<View
  collapsable={true}
  pointerEvents="box-none"
  style={
    Object {
      "flex": 1,
    }
  }
>
  <TouchableOpacity
    activeOpacity={1}
    style={
      Object {
        "flex": 1,
      }
    }
  >
    <View
      style={
        Object {
          "alignItems": "center",
          "backgroundColor": "white",
          "flex": 1,
          "paddingHorizontal": 30,
          "paddingTop": 40,
        }
      }
    >
      <Text
        style={
          Array [
            Object {
              "fontFamily": "System",
              "fontWeight": "600",
            },
            Object {
              "fontSize": 23,
              "textAlign": "center",
            },
            undefined,
          ]
        }
      >
        Report problem
      </Text>
      <View
        style={
          Object {
            "alignItems": "flex-start",
            "backgroundColor": "#F6F6F6",
            "borderRadius": 4,
            "height": "50%",
            "justifyContent": "flex-start",
            "marginTop": 10,
            "padding": 10,
            "width": "100%",
          }
        }
      >
        <TextInput
          allowFontScaling={true}
          multiline={true}
          numberOfLines={10}
          placeholder="Type something"
          placeholderTextColor="grey"
          rejectResponderTermination={true}
          style={
            Array [
              Object {
                "fontFamily": "System",
                "fontSize": 16,
                "fontWeight": "400",
              },
              Object {
                "height": "100%",
                "justifyContent": "flex-start",
                "width": "100%",
              },
            ]
          }
          underlineColorAndroid="transparent"
        />
      </View>
      <TouchableOpacity
        activeOpacity={0.7}
        style={
          Array [
            Object {
              "alignItems": "center",
              "backgroundColor": "#3490dc",
              "borderRadius": 4,
              "flexDirection": "row",
              "justifyContent": "center",
              "marginVertical": 5,
            },
            Object {},
            Object {
              "marginTop": 30,
              "width": "100%",
            },
            Object {},
          ]
        }
        testID="clickable"
      >
        <Text
          style={
            Array [
              Object {
                "color": "white",
                "fontSize": 20,
                "fontWeight": "700",
                "padding": 6,
              },
              Object {},
              Object {},
              Object {},
            ]
          }
        >
          Report the problem
        </Text>
      </TouchableOpacity>
    </View>
  </TouchableOpacity>
</View>
`;
