// Jest Snapshot v1, https://goo.gl/fbAQLP

exports[`Memory Lane Screen should match snapshot 1`] = `
<View
  collapsable={true}
  pointerEvents="box-none"
  style={
    Object {
      "flex": 1,
    }
  }
>
  <ScrollView
    keyboardShouldPersistTaps="handled"
    style={
      Object {
        "backgroundColor": "#EDEDED",
      }
    }
  >
    <View
      style={
        Object {
          "backgroundColor": "#EDEDED",
          "flex": 1,
          "flexDirection": "row",
          "flexWrap": "wrap",
          "paddingBottom": 16,
          "paddingLeft": 16,
          "paddingTop": 16,
        }
      }
    >
      <TouchableOpacity
        activeOpacity={0.2}
        style={
          Array [
            Object {
              "backgroundColor": "white",
              "borderRadius": 6,
              "marginVertical": 6,
              "padding": 15,
              "width": "100%",
            },
            Object {
              "height": 210,
              "padding": 0,
            },
            Object {
              "elevation": 4,
              "shadowColor": "#000",
              "shadowOffset": Object {
                "height": 2,
                "width": 0,
              },
              "shadowOpacity": 0.23,
              "shadowRadius": 2.62,
            },
            Object {
              "marginLeft": 6,
              "width": "45%",
            },
          ]
        }
      >
        <Image
          source={
            Object {
              "uri": "https://reactnativecode.com/wp-content/uploads/2017/05/react_thumb_install.png",
            }
          }
          style={
            Object {
              "borderTopLeftRadius": 6,
              "borderTopRightRadius": 6,
              "height": "50%",
              "resizeMode": "cover",
              "width": "100%",
            }
          }
          testID="memoryLaneImage"
        />
        <View
          style={
            Object {
              "padding": 8,
            }
          }
        >
          <Text
            style={
              Object {
                "fontSize": 18,
                "fontWeight": "500",
                "height": 65,
              }
            }
          >
            I'm trying out this new service called Ameelio...
          </Text>
          <Text
            style={
              Array [
                Object {
                  "color": "#6E757C",
                  "fontSize": 16,
                },
                Object {
                  "marginTop": 6,
                },
              ]
            }
          >
            05/11/2020
          </Text>
        </View>
      </TouchableOpacity>
    </View>
  </ScrollView>
</View>
`;
