// Jest Snapshot v1, https://goo.gl/fbAQLP

exports[`Terms of Service screen should match snapshot 1`] = `
<View
  collapsable={true}
  pointerEvents="box-none"
  style={
    Object {
      "flex": 1,
    }
  }
>
  <View
    style={
      Object {
        "alignItems": "center",
        "backgroundColor": "white",
        "flex": 1,
        "justifyContent": "center",
      }
    }
  >
    <Text>
      Hello world
    </Text>
  </View>
</View>
`;
