// Jest Snapshot v1, https://goo.gl/fbAQLP

exports[`Splash screen should match snapshot 1`] = `
<View
  collapsable={true}
  pointerEvents="box-none"
  style={
    Object {
      "flex": 1,
    }
  }
>
  <View
    accessible={false}
    style={
      Object {
        "alignItems": "center",
        "backgroundColor": "#FF9E9E",
        "flex": 1,
        "justifyContent": "center",
      }
    }
  >
    <View
      accessibilityLabel="Ameelio Logo"
      accessible={true}
    >
      <Image
        source={1}
        style={
          Object {
            "transform": Array [
              Object {
                "scale": 0.1,
              },
            ],
          }
        }
      />
    </View>
  </View>
</View>
`;
