// Jest Snapshot v1, https://goo.gl/fbAQLP

exports[`Credits Card component should match snapshot 1`] = `
<View
  collapsable={true}
  pointerEvents="box-none"
  style={
    Object {
      "flex": 1,
    }
  }
>
  <View
    style={
      Array [
        Object {
          "backgroundColor": "white",
          "borderRadius": 6,
          "marginVertical": 6,
          "padding": 15,
          "width": "100%",
        },
        Object {
          "elevation": 4,
          "shadowColor": "#000",
          "shadowOffset": Object {
            "height": 2,
            "width": 0,
          },
          "shadowOpacity": 0.23,
          "shadowRadius": 2.62,
        },
        undefined,
      ]
    }
    testID="creditsCard"
  >
    <View
      style={
        Object {
          "flexDirection": "row",
        }
      }
    >
      <View
        style={
          Object {
            "flex": 1,
          }
        }
      >
        <View
          style={
            Object {
              "alignItems": "center",
              "flexDirection": "row",
              "justifyContent": "space-between",
            }
          }
        >
          <Text
            style={
              Array [
                Object {
                  "fontFamily": "Poppins-Bold",
                },
                Object {
                  "color": "#282828",
                  "fontSize": 20,
                },
                Object {
                  "flex": 1,
                },
              ]
            }
          >
            4
             
            Credits
             
            left
          </Text>
          <TouchableOpacity
            activeOpacity={0.2}
          >
            <Text
              style={
                Object {
                  "color": "#762B2B",
                  "fontSize": 16,
                }
              }
            >
              Add more
            </Text>
          </TouchableOpacity>
        </View>
        <Text
          style={
            Object {
              "color": "#6E757C",
              "fontSize": 14,
            }
          }
        >
          Credits reset daily
        </Text>
      </View>
    </View>
  </View>
</View>
`;
