// Jest Snapshot v1, https://goo.gl/fbAQLP

exports[`Delivery Status Card component should match snapshot 1`] = `
<View
  collapsable={true}
  pointerEvents="box-none"
  style={
    Object {
      "flex": 1,
    }
  }
>
  <TouchableOpacity
    activeOpacity={0.2}
    style={
      Array [
        Object {
          "backgroundColor": "white",
          "borderRadius": 6,
          "marginVertical": 6,
          "padding": 15,
          "width": "100%",
        },
        Object {
          "elevation": 4,
          "shadowColor": "#000",
          "shadowOffset": Object {
            "height": 2,
            "width": 0,
          },
          "shadowOpacity": 0.23,
          "shadowRadius": 2.62,
        },
        undefined,
      ]
    }
  >
    <View
      style={
        Object {
          "alignItems": "center",
          "flexDirection": "row",
          "justifyContent": "space-between",
        }
      }
    >
      <Text
        style={
          Object {
            "color": "#282828",
            "fontSize": 24,
            "fontWeight": "bold",
          }
        }
      >
        Title
      </Text>
      <Text
        style={
          Object {
            "color": "#6E757C",
            "fontSize": 16,
          }
        }
      >
        Date
      </Text>
    </View>
    <Text
      style={
        Object {
          "color": "#6E757C",
          "fontSize": 18,
        }
      }
    >
      Status
    </Text>
    <View
      style={
        Object {
          "backgroundColor": "#F2F2F2",
          "borderRadius": 5,
          "height": 10,
          "marginTop": 15,
          "overflow": "hidden",
          "width": "100%",
        }
      }
    >
      <View
        style={
          Array [
            Object {
              "backgroundColor": "#6D89B1",
              "height": 10,
              "position": "absolute",
            },
            Object {
              "width": 0,
            },
          ]
        }
        testID="progressBar"
      />
    </View>
  </TouchableOpacity>
</View>
`;
