// Jest Snapshot v1, https://goo.gl/fbAQLP

exports[`Letter Status Card component should match snapshot 1`] = `
<View
  collapsable={true}
  pointerEvents="box-none"
  style={
    Object {
      "flex": 1,
    }
  }
>
  <TouchableOpacity
    activeOpacity={0.2}
    style={
      Array [
        Object {
          "backgroundColor": "white",
          "borderRadius": 6,
          "marginVertical": 6,
          "padding": 15,
          "width": "100%",
        },
        Object {
          "elevation": 4,
          "shadowColor": "#000",
          "shadowOffset": Object {
            "height": 4,
            "width": 0,
          },
          "shadowOpacity": 0.2,
          "shadowRadius": 2.62,
        },
        undefined,
      ]
    }
    testID="letterStatusCard"
  >
    <View
      style={
        Object {
          "flexDirection": "row",
        }
      }
    >
      <View
        style={
          Array [
            Object {
              "borderRadius": 3,
              "height": "100%",
              "marginRight": 15,
              "width": 6,
            },
            Object {
              "backgroundColor": "",
            },
          ]
        }
      />
      <View
        style={
          Object {
            "flex": 1,
          }
        }
      >
        <View
          style={
            Object {
              "alignItems": "center",
              "flexDirection": "row",
              "justifyContent": "space-between",
              "marginBottom": 10,
            }
          }
        >
          <Text
            style={
              Array [
                Object {
                  "fontFamily": "Poppins-Bold",
                },
                Object {
                  "color": "#282828",
                  "fontSize": 20,
                },
                Object {
                  "flex": 1,
                },
              ]
            }
          >
            Status
          </Text>
          <Text
            style={
              Object {
                "color": "#6E757C",
                "fontSize": 16,
              }
            }
          >
            Jul 12
          </Text>
        </View>
        <Text
          style={
            Object {
              "color": "#6E757C",
              "fontSize": 16,
            }
          }
        >
          Description
        </Text>
      </View>
    </View>
  </TouchableOpacity>
</View>
`;
