// Jest Snapshot v1, https://goo.gl/fbAQLP

exports[`Prison Card component should match snapshot 1`] = `
<View
  collapsable={true}
  pointerEvents="box-none"
  style={
    Object {
      "flex": 1,
    }
  }
>
  <TouchableOpacity
    activeOpacity={0.2}
    style={
      Array [
        Object {
          "backgroundColor": "white",
          "borderRadius": 6,
          "marginVertical": 6,
          "padding": 15,
          "width": "100%",
        },
        Object {
          "elevation": 4,
          "shadowColor": "#000",
          "shadowOffset": Object {
            "height": 4,
            "width": 0,
          },
          "shadowOpacity": 0.2,
          "shadowRadius": 2.62,
        },
        undefined,
      ]
    }
  >
    <Text
      style={
        Object {
          "color": "#282828",
          "fontSize": 28,
        }
      }
    >
      Name
    </Text>
    <Text
      style={
        Array [
          Object {
            "color": "#6E757C",
            "fontSize": 18,
          },
          Object {
            "marginVertical": 6,
          },
        ]
      }
    >
      State Prison
    </Text>
    <Text
      style={
        Object {
          "color": "#6E757C",
          "fontSize": 18,
        }
      }
    >
      Address
    </Text>
  </TouchableOpacity>
</View>
`;
